// Jest Snapshot v1, https://goo.gl/fbAQLP

exports[`<App /> @renders in default state 1`] = `
<div
  className="App"
>
  <div>
    This is a react minimalist boilerplate
  </div>
  <br />
  <div>
    count : 
  </div>
  <button>
    Click to Increment Count
  </button>
</div>
`;
