// Jest Snapshot v1, https://goo.gl/fbAQLP

exports[`<App /> @renders in default state 1`] = `
<div
  className="App"
>
  This is a react minimalist boilerplate
</div>
`;
